Archive member included because of file (symbol)

f:/programfiles/atmel/atmel toolchain/avr8 gcc/native/3.4.2.1002/avr8-gnu-toolchain/bin/../lib/gcc/avr/4.7.2/../../../../avr/lib/avrxmega7\libm.a(addsf3.o)
                              uart.o (__subsf3)
f:/programfiles/atmel/atmel toolchain/avr8 gcc/native/3.4.2.1002/avr8-gnu-toolchain/bin/../lib/gcc/avr/4.7.2/../../../../avr/lib/avrxmega7\libm.a(addsf3x.o)
                              f:/programfiles/atmel/atmel toolchain/avr8 gcc/native/3.4.2.1002/avr8-gnu-toolchain/bin/../lib/gcc/avr/4.7.2/../../../../avr/lib/avrxmega7\libm.a(addsf3.o) (__addsf3x)
f:/programfiles/atmel/atmel toolchain/avr8 gcc/native/3.4.2.1002/avr8-gnu-toolchain/bin/../lib/gcc/avr/4.7.2/../../../../avr/lib/avrxmega7\libm.a(divsf3.o)
                              uart.o (__divsf3)
f:/programfiles/atmel/atmel toolchain/avr8 gcc/native/3.4.2.1002/avr8-gnu-toolchain/bin/../lib/gcc/avr/4.7.2/../../../../avr/lib/avrxmega7\libm.a(divsf3x.o)
                              f:/programfiles/atmel/atmel toolchain/avr8 gcc/native/3.4.2.1002/avr8-gnu-toolchain/bin/../lib/gcc/avr/4.7.2/../../../../avr/lib/avrxmega7\libm.a(divsf3.o) (__divsf3x)
f:/programfiles/atmel/atmel toolchain/avr8 gcc/native/3.4.2.1002/avr8-gnu-toolchain/bin/../lib/gcc/avr/4.7.2/../../../../avr/lib/avrxmega7\libm.a(fixunssfsi.o)
                              uart.o (__fixunssfsi)
f:/programfiles/atmel/atmel toolchain/avr8 gcc/native/3.4.2.1002/avr8-gnu-toolchain/bin/../lib/gcc/avr/4.7.2/../../../../avr/lib/avrxmega7\libm.a(floatsisf.o)
                              uart.o (__floatunsisf)
f:/programfiles/atmel/atmel toolchain/avr8 gcc/native/3.4.2.1002/avr8-gnu-toolchain/bin/../lib/gcc/avr/4.7.2/../../../../avr/lib/avrxmega7\libm.a(fp_inf.o)
                              f:/programfiles/atmel/atmel toolchain/avr8 gcc/native/3.4.2.1002/avr8-gnu-toolchain/bin/../lib/gcc/avr/4.7.2/../../../../avr/lib/avrxmega7\libm.a(addsf3x.o) (__fp_inf)
f:/programfiles/atmel/atmel toolchain/avr8 gcc/native/3.4.2.1002/avr8-gnu-toolchain/bin/../lib/gcc/avr/4.7.2/../../../../avr/lib/avrxmega7\libm.a(fp_nan.o)
                              f:/programfiles/atmel/atmel toolchain/avr8 gcc/native/3.4.2.1002/avr8-gnu-toolchain/bin/../lib/gcc/avr/4.7.2/../../../../avr/lib/avrxmega7\libm.a(addsf3x.o) (__fp_nan)
f:/programfiles/atmel/atmel toolchain/avr8 gcc/native/3.4.2.1002/avr8-gnu-toolchain/bin/../lib/gcc/avr/4.7.2/../../../../avr/lib/avrxmega7\libm.a(fp_pscA.o)
                              f:/programfiles/atmel/atmel toolchain/avr8 gcc/native/3.4.2.1002/avr8-gnu-toolchain/bin/../lib/gcc/avr/4.7.2/../../../../avr/lib/avrxmega7\libm.a(addsf3x.o) (__fp_pscA)
f:/programfiles/atmel/atmel toolchain/avr8 gcc/native/3.4.2.1002/avr8-gnu-toolchain/bin/../lib/gcc/avr/4.7.2/../../../../avr/lib/avrxmega7\libm.a(fp_pscB.o)
                              f:/programfiles/atmel/atmel toolchain/avr8 gcc/native/3.4.2.1002/avr8-gnu-toolchain/bin/../lib/gcc/avr/4.7.2/../../../../avr/lib/avrxmega7\libm.a(addsf3x.o) (__fp_pscB)
f:/programfiles/atmel/atmel toolchain/avr8 gcc/native/3.4.2.1002/avr8-gnu-toolchain/bin/../lib/gcc/avr/4.7.2/../../../../avr/lib/avrxmega7\libm.a(fp_round.o)
                              f:/programfiles/atmel/atmel toolchain/avr8 gcc/native/3.4.2.1002/avr8-gnu-toolchain/bin/../lib/gcc/avr/4.7.2/../../../../avr/lib/avrxmega7\libm.a(addsf3.o) (__fp_round)
f:/programfiles/atmel/atmel toolchain/avr8 gcc/native/3.4.2.1002/avr8-gnu-toolchain/bin/../lib/gcc/avr/4.7.2/../../../../avr/lib/avrxmega7\libm.a(fp_split3.o)
                              f:/programfiles/atmel/atmel toolchain/avr8 gcc/native/3.4.2.1002/avr8-gnu-toolchain/bin/../lib/gcc/avr/4.7.2/../../../../avr/lib/avrxmega7\libm.a(addsf3x.o) (__fp_split3)
f:/programfiles/atmel/atmel toolchain/avr8 gcc/native/3.4.2.1002/avr8-gnu-toolchain/bin/../lib/gcc/avr/4.7.2/../../../../avr/lib/avrxmega7\libm.a(fp_zero.o)
                              f:/programfiles/atmel/atmel toolchain/avr8 gcc/native/3.4.2.1002/avr8-gnu-toolchain/bin/../lib/gcc/avr/4.7.2/../../../../avr/lib/avrxmega7\libm.a(addsf3x.o) (__fp_zero)
f:/programfiles/atmel/atmel toolchain/avr8 gcc/native/3.4.2.1002/avr8-gnu-toolchain/bin/../lib/gcc/avr/4.7.2/../../../../avr/lib/avrxmega7\libm.a(mulsf3.o)
                              uart.o (__mulsf3)
f:/programfiles/atmel/atmel toolchain/avr8 gcc/native/3.4.2.1002/avr8-gnu-toolchain/bin/../lib/gcc/avr/4.7.2/../../../../avr/lib/avrxmega7\libm.a(mulsf3x.o)
                              f:/programfiles/atmel/atmel toolchain/avr8 gcc/native/3.4.2.1002/avr8-gnu-toolchain/bin/../lib/gcc/avr/4.7.2/../../../../avr/lib/avrxmega7\libm.a(mulsf3.o) (__mulsf3x)
f:/programfiles/atmel/atmel toolchain/avr8 gcc/native/3.4.2.1002/avr8-gnu-toolchain/bin/../lib/gcc/avr/4.7.2/../../../../avr/lib/avrxmega7\libm.a(round.o)
                              uart.o (round)
f:/programfiles/atmel/atmel toolchain/avr8 gcc/native/3.4.2.1002/avr8-gnu-toolchain/bin/../lib/gcc/avr/4.7.2/../../../../avr/lib/avrxmega7\libm.a(fp_mintl.o)
                              f:/programfiles/atmel/atmel toolchain/avr8 gcc/native/3.4.2.1002/avr8-gnu-toolchain/bin/../lib/gcc/avr/4.7.2/../../../../avr/lib/avrxmega7\libm.a(round.o) (__fp_mintl)
f:/programfiles/atmel/atmel toolchain/avr8 gcc/native/3.4.2.1002/avr8-gnu-toolchain/bin/../lib/gcc/avr/4.7.2/../../../../avr/lib/avrxmega7\libm.a(fp_mpack.o)
                              f:/programfiles/atmel/atmel toolchain/avr8 gcc/native/3.4.2.1002/avr8-gnu-toolchain/bin/../lib/gcc/avr/4.7.2/../../../../avr/lib/avrxmega7\libm.a(round.o) (__fp_mpack)
f:/programfiles/atmel/atmel toolchain/avr8 gcc/native/3.4.2.1002/avr8-gnu-toolchain/bin/../lib/gcc/avr/4.7.2/avrxmega7\libgcc.a(_exit.o)
                              f:/programfiles/atmel/atmel toolchain/avr8 gcc/native/3.4.2.1002/avr8-gnu-toolchain/bin/../lib/gcc/avr/4.7.2/../../../../avr/lib/avrxmega7/crtx128a4u.o (exit)
f:/programfiles/atmel/atmel toolchain/avr8 gcc/native/3.4.2.1002/avr8-gnu-toolchain/bin/../lib/gcc/avr/4.7.2/avrxmega7\libgcc.a(_copy_data.o)
                              Controller.o (__do_copy_data)
f:/programfiles/atmel/atmel toolchain/avr8 gcc/native/3.4.2.1002/avr8-gnu-toolchain/bin/../lib/gcc/avr/4.7.2/avrxmega7\libgcc.a(_clear_bss.o)
                              Controller.o (__do_clear_bss)

Allocating common symbols
Common symbol       size              file

uartD0              0xf               Controller.o

Discarded input sections

 .bss           0x00000000        0x0 f:/programfiles/atmel/atmel toolchain/avr8 gcc/native/3.4.2.1002/avr8-gnu-toolchain/bin/../lib/gcc/avr/4.7.2/../../../../avr/lib/avrxmega7/crtx128a4u.o
 .text          0x00000000        0x0 Controller.o
 .bss           0x00000000        0x0 Controller.o
 .text          0x00000000        0x0 MFRC552.o
 .bss           0x00000000        0x0 MFRC552.o
 .rodata.frame_size
                0x00000000        0x1 MFRC552.o
 .text          0x00000000        0x0 spi_driver.o
 .bss           0x00000000        0x0 spi_driver.o
 .text.SPI_MasterInit
                0x00000000       0x54 spi_driver.o
 .text.SPI_SlaveInit
                0x00000000       0x36 spi_driver.o
 .text.SPI_MasterCreateDataPacket
                0x00000000       0x24 spi_driver.o
 .text.SPI_MasterInterruptHandler
                0x00000000       0x80 spi_driver.o
 .text.SPI_MasterInterruptTransceivePacket
                0x00000000       0x6e spi_driver.o
 .text.SPI_MasterTransceiveByte
                0x00000000       0x18 spi_driver.o
 .text.SPI_MasterTransceivePacket
                0x00000000       0xaa spi_driver.o
 .text          0x00000000        0x0 uart.o
 .bss           0x00000000        0x0 uart.o
 .text.uart_getc
                0x00000000       0x28 uart.o
 .text.init_uart_levels
                0x00000000       0xe6 uart.o
 .text          0x00000000        0x0 usart_driver.o
 .bss           0x00000000        0x0 usart_driver.o
 .text.USART_InterruptDriver_DreInterruptLevel_Set
                0x00000000        0x6 usart_driver.o
 .text.USART_RXBufferData_Available
                0x00000000       0x10 usart_driver.o
 .text.USART_RXBuffer_GetByte
                0x00000000       0x18 usart_driver.o
 .text.USART_NineBits_PutChar
                0x00000000       0x18 usart_driver.o
 .text.USART_NineBits_GetChar
                0x00000000       0x1c usart_driver.o
 .text          0x00000000        0x0 f:/programfiles/atmel/atmel toolchain/avr8 gcc/native/3.4.2.1002/avr8-gnu-toolchain/bin/../lib/gcc/avr/4.7.2/../../../../avr/lib/avrxmega7\libm.a(addsf3.o)
 .bss           0x00000000        0x0 f:/programfiles/atmel/atmel toolchain/avr8 gcc/native/3.4.2.1002/avr8-gnu-toolchain/bin/../lib/gcc/avr/4.7.2/../../../../avr/lib/avrxmega7\libm.a(addsf3.o)
 .text          0x00000000        0x0 f:/programfiles/atmel/atmel toolchain/avr8 gcc/native/3.4.2.1002/avr8-gnu-toolchain/bin/../lib/gcc/avr/4.7.2/../../../../avr/lib/avrxmega7\libm.a(addsf3x.o)
 .bss           0x00000000        0x0 f:/programfiles/atmel/atmel toolchain/avr8 gcc/native/3.4.2.1002/avr8-gnu-toolchain/bin/../lib/gcc/avr/4.7.2/../../../../avr/lib/avrxmega7\libm.a(addsf3x.o)
 .text          0x00000000        0x0 f:/programfiles/atmel/atmel toolchain/avr8 gcc/native/3.4.2.1002/avr8-gnu-toolchain/bin/../lib/gcc/avr/4.7.2/../../../../avr/lib/avrxmega7\libm.a(divsf3.o)
 .bss           0x00000000        0x0 f:/programfiles/atmel/atmel toolchain/avr8 gcc/native/3.4.2.1002/avr8-gnu-toolchain/bin/../lib/gcc/avr/4.7.2/../../../../avr/lib/avrxmega7\libm.a(divsf3.o)
 .text          0x00000000        0x0 f:/programfiles/atmel/atmel toolchain/avr8 gcc/native/3.4.2.1002/avr8-gnu-toolchain/bin/../lib/gcc/avr/4.7.2/../../../../avr/lib/avrxmega7\libm.a(divsf3x.o)
 .bss           0x00000000        0x0 f:/programfiles/atmel/atmel toolchain/avr8 gcc/native/3.4.2.1002/avr8-gnu-toolchain/bin/../lib/gcc/avr/4.7.2/../../../../avr/lib/avrxmega7\libm.a(divsf3x.o)
 .text          0x00000000        0x0 f:/programfiles/atmel/atmel toolchain/avr8 gcc/native/3.4.2.1002/avr8-gnu-toolchain/bin/../lib/gcc/avr/4.7.2/../../../../avr/lib/avrxmega7\libm.a(fixunssfsi.o)
 .bss           0x00000000        0x0 f:/programfiles/atmel/atmel toolchain/avr8 gcc/native/3.4.2.1002/avr8-gnu-toolchain/bin/../lib/gcc/avr/4.7.2/../../../../avr/lib/avrxmega7\libm.a(fixunssfsi.o)
 .text          0x00000000        0x0 f:/programfiles/atmel/atmel toolchain/avr8 gcc/native/3.4.2.1002/avr8-gnu-toolchain/bin/../lib/gcc/avr/4.7.2/../../../../avr/lib/avrxmega7\libm.a(floatsisf.o)
 .bss           0x00000000        0x0 f:/programfiles/atmel/atmel toolchain/avr8 gcc/native/3.4.2.1002/avr8-gnu-toolchain/bin/../lib/gcc/avr/4.7.2/../../../../avr/lib/avrxmega7\libm.a(floatsisf.o)
 .text          0x00000000        0x0 f:/programfiles/atmel/atmel toolchain/avr8 gcc/native/3.4.2.1002/avr8-gnu-toolchain/bin/../lib/gcc/avr/4.7.2/../../../../avr/lib/avrxmega7\libm.a(fp_inf.o)
 .bss           0x00000000        0x0 f:/programfiles/atmel/atmel toolchain/avr8 gcc/native/3.4.2.1002/avr8-gnu-toolchain/bin/../lib/gcc/avr/4.7.2/../../../../avr/lib/avrxmega7\libm.a(fp_inf.o)
 .text          0x00000000        0x0 f:/programfiles/atmel/atmel toolchain/avr8 gcc/native/3.4.2.1002/avr8-gnu-toolchain/bin/../lib/gcc/avr/4.7.2/../../../../avr/lib/avrxmega7\libm.a(fp_nan.o)
 .bss           0x00000000        0x0 f:/programfiles/atmel/atmel toolchain/avr8 gcc/native/3.4.2.1002/avr8-gnu-toolchain/bin/../lib/gcc/avr/4.7.2/../../../../avr/lib/avrxmega7\libm.a(fp_nan.o)
 .text          0x00000000        0x0 f:/programfiles/atmel/atmel toolchain/avr8 gcc/native/3.4.2.1002/avr8-gnu-toolchain/bin/../lib/gcc/avr/4.7.2/../../../../avr/lib/avrxmega7\libm.a(fp_pscA.o)
 .bss           0x00000000        0x0 f:/programfiles/atmel/atmel toolchain/avr8 gcc/native/3.4.2.1002/avr8-gnu-toolchain/bin/../lib/gcc/avr/4.7.2/../../../../avr/lib/avrxmega7\libm.a(fp_pscA.o)
 .text          0x00000000        0x0 f:/programfiles/atmel/atmel toolchain/avr8 gcc/native/3.4.2.1002/avr8-gnu-toolchain/bin/../lib/gcc/avr/4.7.2/../../../../avr/lib/avrxmega7\libm.a(fp_pscB.o)
 .bss           0x00000000        0x0 f:/programfiles/atmel/atmel toolchain/avr8 gcc/native/3.4.2.1002/avr8-gnu-toolchain/bin/../lib/gcc/avr/4.7.2/../../../../avr/lib/avrxmega7\libm.a(fp_pscB.o)
 .text          0x00000000        0x0 f:/programfiles/atmel/atmel toolchain/avr8 gcc/native/3.4.2.1002/avr8-gnu-toolchain/bin/../lib/gcc/avr/4.7.2/../../../../avr/lib/avrxmega7\libm.a(fp_round.o)
 .bss           0x00000000        0x0 f:/programfiles/atmel/atmel toolchain/avr8 gcc/native/3.4.2.1002/avr8-gnu-toolchain/bin/../lib/gcc/avr/4.7.2/../../../../avr/lib/avrxmega7\libm.a(fp_round.o)
 .text          0x00000000        0x0 f:/programfiles/atmel/atmel toolchain/avr8 gcc/native/3.4.2.1002/avr8-gnu-toolchain/bin/../lib/gcc/avr/4.7.2/../../../../avr/lib/avrxmega7\libm.a(fp_split3.o)
 .bss           0x00000000        0x0 f:/programfiles/atmel/atmel toolchain/avr8 gcc/native/3.4.2.1002/avr8-gnu-toolchain/bin/../lib/gcc/avr/4.7.2/../../../../avr/lib/avrxmega7\libm.a(fp_split3.o)
 .text          0x00000000        0x0 f:/programfiles/atmel/atmel toolchain/avr8 gcc/native/3.4.2.1002/avr8-gnu-toolchain/bin/../lib/gcc/avr/4.7.2/../../../../avr/lib/avrxmega7\libm.a(fp_zero.o)
 .bss           0x00000000        0x0 f:/programfiles/atmel/atmel toolchain/avr8 gcc/native/3.4.2.1002/avr8-gnu-toolchain/bin/../lib/gcc/avr/4.7.2/../../../../avr/lib/avrxmega7\libm.a(fp_zero.o)
 .text          0x00000000        0x0 f:/programfiles/atmel/atmel toolchain/avr8 gcc/native/3.4.2.1002/avr8-gnu-toolchain/bin/../lib/gcc/avr/4.7.2/../../../../avr/lib/avrxmega7\libm.a(mulsf3.o)
 .bss           0x00000000        0x0 f:/programfiles/atmel/atmel toolchain/avr8 gcc/native/3.4.2.1002/avr8-gnu-toolchain/bin/../lib/gcc/avr/4.7.2/../../../../avr/lib/avrxmega7\libm.a(mulsf3.o)
 .text          0x00000000        0x0 f:/programfiles/atmel/atmel toolchain/avr8 gcc/native/3.4.2.1002/avr8-gnu-toolchain/bin/../lib/gcc/avr/4.7.2/../../../../avr/lib/avrxmega7\libm.a(mulsf3x.o)
 .bss           0x00000000        0x0 f:/programfiles/atmel/atmel toolchain/avr8 gcc/native/3.4.2.1002/avr8-gnu-toolchain/bin/../lib/gcc/avr/4.7.2/../../../../avr/lib/avrxmega7\libm.a(mulsf3x.o)
 .text          0x00000000        0x0 f:/programfiles/atmel/atmel toolchain/avr8 gcc/native/3.4.2.1002/avr8-gnu-toolchain/bin/../lib/gcc/avr/4.7.2/../../../../avr/lib/avrxmega7\libm.a(round.o)
 .bss           0x00000000        0x0 f:/programfiles/atmel/atmel toolchain/avr8 gcc/native/3.4.2.1002/avr8-gnu-toolchain/bin/../lib/gcc/avr/4.7.2/../../../../avr/lib/avrxmega7\libm.a(round.o)
 .text          0x00000000        0x0 f:/programfiles/atmel/atmel toolchain/avr8 gcc/native/3.4.2.1002/avr8-gnu-toolchain/bin/../lib/gcc/avr/4.7.2/../../../../avr/lib/avrxmega7\libm.a(fp_mintl.o)
 .bss           0x00000000        0x0 f:/programfiles/atmel/atmel toolchain/avr8 gcc/native/3.4.2.1002/avr8-gnu-toolchain/bin/../lib/gcc/avr/4.7.2/../../../../avr/lib/avrxmega7\libm.a(fp_mintl.o)
 .text          0x00000000        0x0 f:/programfiles/atmel/atmel toolchain/avr8 gcc/native/3.4.2.1002/avr8-gnu-toolchain/bin/../lib/gcc/avr/4.7.2/../../../../avr/lib/avrxmega7\libm.a(fp_mpack.o)
 .bss           0x00000000        0x0 f:/programfiles/atmel/atmel toolchain/avr8 gcc/native/3.4.2.1002/avr8-gnu-toolchain/bin/../lib/gcc/avr/4.7.2/../../../../avr/lib/avrxmega7\libm.a(fp_mpack.o)
 .text          0x00000000        0x0 f:/programfiles/atmel/atmel toolchain/avr8 gcc/native/3.4.2.1002/avr8-gnu-toolchain/bin/../lib/gcc/avr/4.7.2/avrxmega7\libgcc.a(_exit.o)
 .bss           0x00000000        0x0 f:/programfiles/atmel/atmel toolchain/avr8 gcc/native/3.4.2.1002/avr8-gnu-toolchain/bin/../lib/gcc/avr/4.7.2/avrxmega7\libgcc.a(_exit.o)
 .text.libgcc.mul
                0x00000000        0x0 f:/programfiles/atmel/atmel toolchain/avr8 gcc/native/3.4.2.1002/avr8-gnu-toolchain/bin/../lib/gcc/avr/4.7.2/avrxmega7\libgcc.a(_exit.o)
 .text.libgcc.div
                0x00000000        0x0 f:/programfiles/atmel/atmel toolchain/avr8 gcc/native/3.4.2.1002/avr8-gnu-toolchain/bin/../lib/gcc/avr/4.7.2/avrxmega7\libgcc.a(_exit.o)
 .text.libgcc   0x00000000        0x0 f:/programfiles/atmel/atmel toolchain/avr8 gcc/native/3.4.2.1002/avr8-gnu-toolchain/bin/../lib/gcc/avr/4.7.2/avrxmega7\libgcc.a(_exit.o)
 .text.libgcc.prologue
                0x00000000        0x0 f:/programfiles/atmel/atmel toolchain/avr8 gcc/native/3.4.2.1002/avr8-gnu-toolchain/bin/../lib/gcc/avr/4.7.2/avrxmega7\libgcc.a(_exit.o)
 .text.libgcc.builtins
                0x00000000        0x0 f:/programfiles/atmel/atmel toolchain/avr8 gcc/native/3.4.2.1002/avr8-gnu-toolchain/bin/../lib/gcc/avr/4.7.2/avrxmega7\libgcc.a(_exit.o)
 .text.libgcc.fmul
                0x00000000        0x0 f:/programfiles/atmel/atmel toolchain/avr8 gcc/native/3.4.2.1002/avr8-gnu-toolchain/bin/../lib/gcc/avr/4.7.2/avrxmega7\libgcc.a(_exit.o)
 .text          0x00000000        0x0 f:/programfiles/atmel/atmel toolchain/avr8 gcc/native/3.4.2.1002/avr8-gnu-toolchain/bin/../lib/gcc/avr/4.7.2/avrxmega7\libgcc.a(_copy_data.o)
 .bss           0x00000000        0x0 f:/programfiles/atmel/atmel toolchain/avr8 gcc/native/3.4.2.1002/avr8-gnu-toolchain/bin/../lib/gcc/avr/4.7.2/avrxmega7\libgcc.a(_copy_data.o)
 .text.libgcc.mul
                0x00000000        0x0 f:/programfiles/atmel/atmel toolchain/avr8 gcc/native/3.4.2.1002/avr8-gnu-toolchain/bin/../lib/gcc/avr/4.7.2/avrxmega7\libgcc.a(_copy_data.o)
 .text.libgcc.div
                0x00000000        0x0 f:/programfiles/atmel/atmel toolchain/avr8 gcc/native/3.4.2.1002/avr8-gnu-toolchain/bin/../lib/gcc/avr/4.7.2/avrxmega7\libgcc.a(_copy_data.o)
 .text.libgcc   0x00000000        0x0 f:/programfiles/atmel/atmel toolchain/avr8 gcc/native/3.4.2.1002/avr8-gnu-toolchain/bin/../lib/gcc/avr/4.7.2/avrxmega7\libgcc.a(_copy_data.o)
 .text.libgcc.prologue
                0x00000000        0x0 f:/programfiles/atmel/atmel toolchain/avr8 gcc/native/3.4.2.1002/avr8-gnu-toolchain/bin/../lib/gcc/avr/4.7.2/avrxmega7\libgcc.a(_copy_data.o)
 .text.libgcc.builtins
                0x00000000        0x0 f:/programfiles/atmel/atmel toolchain/avr8 gcc/native/3.4.2.1002/avr8-gnu-toolchain/bin/../lib/gcc/avr/4.7.2/avrxmega7\libgcc.a(_copy_data.o)
 .text.libgcc.fmul
                0x00000000        0x0 f:/programfiles/atmel/atmel toolchain/avr8 gcc/native/3.4.2.1002/avr8-gnu-toolchain/bin/../lib/gcc/avr/4.7.2/avrxmega7\libgcc.a(_copy_data.o)
 .text          0x00000000        0x0 f:/programfiles/atmel/atmel toolchain/avr8 gcc/native/3.4.2.1002/avr8-gnu-toolchain/bin/../lib/gcc/avr/4.7.2/avrxmega7\libgcc.a(_clear_bss.o)
 .bss           0x00000000        0x0 f:/programfiles/atmel/atmel toolchain/avr8 gcc/native/3.4.2.1002/avr8-gnu-toolchain/bin/../lib/gcc/avr/4.7.2/avrxmega7\libgcc.a(_clear_bss.o)
 .text.libgcc.mul
                0x00000000        0x0 f:/programfiles/atmel/atmel toolchain/avr8 gcc/native/3.4.2.1002/avr8-gnu-toolchain/bin/../lib/gcc/avr/4.7.2/avrxmega7\libgcc.a(_clear_bss.o)
 .text.libgcc.div
                0x00000000        0x0 f:/programfiles/atmel/atmel toolchain/avr8 gcc/native/3.4.2.1002/avr8-gnu-toolchain/bin/../lib/gcc/avr/4.7.2/avrxmega7\libgcc.a(_clear_bss.o)
 .text.libgcc   0x00000000        0x0 f:/programfiles/atmel/atmel toolchain/avr8 gcc/native/3.4.2.1002/avr8-gnu-toolchain/bin/../lib/gcc/avr/4.7.2/avrxmega7\libgcc.a(_clear_bss.o)
 .text.libgcc.prologue
                0x00000000        0x0 f:/programfiles/atmel/atmel toolchain/avr8 gcc/native/3.4.2.1002/avr8-gnu-toolchain/bin/../lib/gcc/avr/4.7.2/avrxmega7\libgcc.a(_clear_bss.o)
 .text.libgcc.builtins
                0x00000000        0x0 f:/programfiles/atmel/atmel toolchain/avr8 gcc/native/3.4.2.1002/avr8-gnu-toolchain/bin/../lib/gcc/avr/4.7.2/avrxmega7\libgcc.a(_clear_bss.o)
 .text.libgcc.fmul
                0x00000000        0x0 f:/programfiles/atmel/atmel toolchain/avr8 gcc/native/3.4.2.1002/avr8-gnu-toolchain/bin/../lib/gcc/avr/4.7.2/avrxmega7\libgcc.a(_clear_bss.o)

Memory Configuration

Name             Origin             Length             Attributes
text             0x00000000         0x00100000         xr
data             0x00802000         0x0000ffa0         rw !x
eeprom           0x00810000         0x00010000         rw !x
fuse             0x00820000         0x00000400         rw !x
lock             0x00830000         0x00000400         rw !x
signature        0x00840000         0x00000400         rw !x
user_signatures  0x00850000         0x00000400         rw !x
*default*        0x00000000         0xffffffff

Linker script and memory map

LOAD f:/programfiles/atmel/atmel toolchain/avr8 gcc/native/3.4.2.1002/avr8-gnu-toolchain/bin/../lib/gcc/avr/4.7.2/../../../../avr/lib/avrxmega7/crtx128a4u.o
LOAD Controller.o
LOAD MFRC552.o
LOAD spi_driver.o
LOAD uart.o
LOAD usart_driver.o
START GROUP
LOAD f:/programfiles/atmel/atmel toolchain/avr8 gcc/native/3.4.2.1002/avr8-gnu-toolchain/bin/../lib/gcc/avr/4.7.2/../../../../avr/lib/avrxmega7\libm.a
END GROUP
LOAD f:/programfiles/atmel/atmel toolchain/avr8 gcc/native/3.4.2.1002/avr8-gnu-toolchain/bin/../lib/gcc/avr/4.7.2/avrxmega7\libgcc.a
LOAD f:/programfiles/atmel/atmel toolchain/avr8 gcc/native/3.4.2.1002/avr8-gnu-toolchain/bin/../lib/gcc/avr/4.7.2/../../../../avr/lib/avrxmega7\libc.a
LOAD f:/programfiles/atmel/atmel toolchain/avr8 gcc/native/3.4.2.1002/avr8-gnu-toolchain/bin/../lib/gcc/avr/4.7.2/avrxmega7\libgcc.a

.hash
 *(.hash)

.dynsym
 *(.dynsym)

.dynstr
 *(.dynstr)

.gnu.version
 *(.gnu.version)

.gnu.version_d
 *(.gnu.version_d)

.gnu.version_r
 *(.gnu.version_r)

.rel.init
 *(.rel.init)

.rela.init
 *(.rela.init)

.rel.text
 *(.rel.text)
 *(.rel.text.*)
 *(.rel.gnu.linkonce.t*)

.rela.text
 *(.rela.text)
 *(.rela.text.*)
 *(.rela.gnu.linkonce.t*)

.rel.fini
 *(.rel.fini)

.rela.fini
 *(.rela.fini)

.rel.rodata
 *(.rel.rodata)
 *(.rel.rodata.*)
 *(.rel.gnu.linkonce.r*)

.rela.rodata
 *(.rela.rodata)
 *(.rela.rodata.*)
 *(.rela.gnu.linkonce.r*)

.rel.data
 *(.rel.data)
 *(.rel.data.*)
 *(.rel.gnu.linkonce.d*)

.rela.data
 *(.rela.data)
 *(.rela.data.*)
 *(.rela.gnu.linkonce.d*)

.rel.ctors
 *(.rel.ctors)

.rela.ctors
 *(.rela.ctors)

.rel.dtors
 *(.rel.dtors)

.rela.dtors
 *(.rela.dtors)

.rel.got
 *(.rel.got)

.rela.got
 *(.rela.got)

.rel.bss
 *(.rel.bss)

.rela.bss
 *(.rela.bss)

.rel.plt
 *(.rel.plt)

.rela.plt
 *(.rela.plt)

.text           0x00000000      0xba6
 *(.vectors)
 .vectors       0x00000000      0x1fc f:/programfiles/atmel/atmel toolchain/avr8 gcc/native/3.4.2.1002/avr8-gnu-toolchain/bin/../lib/gcc/avr/4.7.2/../../../../avr/lib/avrxmega7/crtx128a4u.o
                0x00000000                __vector_default
                0x00000000                __vectors
 *(.vectors)
 *(.progmem.gcc*)
 *(.progmem*)
                0x000001fc                . = ALIGN (0x2)
                0x000001fc                __trampolines_start = .
 *(.trampolines)
 .trampolines   0x000001fc        0x0 linker stubs
 *(.trampolines*)
                0x000001fc                __trampolines_end = .
 *(.jumptables)
 *(.jumptables*)
 *(.lowtext)
 *(.lowtext*)
                0x000001fc                __ctors_start = .
 *(.ctors)
                0x000001fc                __ctors_end = .
                0x000001fc                __dtors_start = .
 *(.dtors)
                0x000001fc                __dtors_end = .
 SORT(*)(.ctors)
 SORT(*)(.dtors)
 *(.init0)
 .init0         0x000001fc        0x0 f:/programfiles/atmel/atmel toolchain/avr8 gcc/native/3.4.2.1002/avr8-gnu-toolchain/bin/../lib/gcc/avr/4.7.2/../../../../avr/lib/avrxmega7/crtx128a4u.o
                0x000001fc                __init
 *(.init0)
 *(.init1)
 *(.init1)
 *(.init2)
 .init2         0x000001fc       0x18 f:/programfiles/atmel/atmel toolchain/avr8 gcc/native/3.4.2.1002/avr8-gnu-toolchain/bin/../lib/gcc/avr/4.7.2/../../../../avr/lib/avrxmega7/crtx128a4u.o
 *(.init2)
 *(.init3)
 *(.init3)
 *(.init4)
 .init4         0x00000214       0x1c f:/programfiles/atmel/atmel toolchain/avr8 gcc/native/3.4.2.1002/avr8-gnu-toolchain/bin/../lib/gcc/avr/4.7.2/avrxmega7\libgcc.a(_copy_data.o)
                0x00000214                __do_copy_data
 .init4         0x00000230       0x10 f:/programfiles/atmel/atmel toolchain/avr8 gcc/native/3.4.2.1002/avr8-gnu-toolchain/bin/../lib/gcc/avr/4.7.2/avrxmega7\libgcc.a(_clear_bss.o)
                0x00000230                __do_clear_bss
 *(.init4)
 *(.init5)
 *(.init5)
 *(.init6)
 *(.init6)
 *(.init7)
 *(.init7)
 *(.init8)
 *(.init8)
 *(.init9)
 .init9         0x00000240        0x4 f:/programfiles/atmel/atmel toolchain/avr8 gcc/native/3.4.2.1002/avr8-gnu-toolchain/bin/../lib/gcc/avr/4.7.2/../../../../avr/lib/avrxmega7/crtx128a4u.o
 *(.init9)
 *(.text)
 .text          0x00000244        0x2 f:/programfiles/atmel/atmel toolchain/avr8 gcc/native/3.4.2.1002/avr8-gnu-toolchain/bin/../lib/gcc/avr/4.7.2/../../../../avr/lib/avrxmega7/crtx128a4u.o
                0x00000244                __vector_38
                0x00000244                __vector_104
                0x00000244                __vector_22
                0x00000244                __vector_63
                0x00000244                __vector_28
                0x00000244                __vector_67
                0x00000244                __vector_1
                0x00000244                __vector_119
                0x00000244                __vector_32
                0x00000244                __vector_75
                0x00000244                __vector_71
                0x00000244                __vector_91
                0x00000244                __vector_34
                0x00000244                __vector_62
                0x00000244                __vector_77
                0x00000244                __vector_102
                0x00000244                __vector_24
                0x00000244                __vector_12
                0x00000244                __vector_55
                0x00000244                __vector_69
                0x00000244                __vector_81
                0x00000244                __vector_90
                0x00000244                __vector_46
                0x00000244                __bad_interrupt
                0x00000244                __vector_122
                0x00000244                __vector_72
                0x00000244                __vector_114
                0x00000244                __vector_6
                0x00000244                __vector_110
                0x00000244                __vector_31
                0x00000244                __vector_92
                0x00000244                __vector_35
                0x00000244                __vector_78
                0x00000244                __vector_74
                0x00000244                __vector_117
                0x00000244                __vector_39
                0x00000244                __vector_107
                0x00000244                __vector_3
                0x00000244                __vector_105
                0x00000244                __vector_98
                0x00000244                __vector_23
                0x00000244                __vector_68
                0x00000244                __vector_30
                0x00000244                __vector_73
                0x00000244                __vector_45
                0x00000244                __vector_25
                0x00000244                __vector_93
                0x00000244                __vector_61
                0x00000244                __vector_11
                0x00000244                __vector_54
                0x00000244                __vector_99
                0x00000244                __vector_13
                0x00000244                __vector_17
                0x00000244                __vector_19
                0x00000244                __vector_56
                0x00000244                __vector_7
                0x00000244                __vector_125
                0x00000244                __vector_49
                0x00000244                __vector_123
                0x00000244                __vector_41
                0x00000244                __vector_86
                0x00000244                __vector_100
                0x00000244                __vector_101
                0x00000244                __vector_64
                0x00000244                __vector_109
                0x00000244                __vector_43
                0x00000244                __vector_27
                0x00000244                __vector_5
                0x00000244                __vector_113
                0x00000244                __vector_33
                0x00000244                __vector_76
                0x00000244                __vector_115
                0x00000244                __vector_47
                0x00000244                __vector_52
                0x00000244                __vector_37
                0x00000244                __vector_95
                0x00000244                __vector_103
                0x00000244                __vector_96
                0x00000244                __vector_108
                0x00000244                __vector_4
                0x00000244                __vector_44
                0x00000244                __vector_82
                0x00000244                __vector_106
                0x00000244                __vector_118
                0x00000244                __vector_51
                0x00000244                __vector_9
                0x00000244                __vector_2
                0x00000244                __vector_21
                0x00000244                __vector_15
                0x00000244                __vector_66
                0x00000244                __vector_36
                0x00000244                __vector_79
                0x00000244                __vector_58
                0x00000244                __vector_70
                0x00000244                __vector_83
                0x00000244                __vector_29
                0x00000244                __vector_60
                0x00000244                __vector_121
                0x00000244                __vector_40
                0x00000244                __vector_85
                0x00000244                __vector_94
                0x00000244                __vector_126
                0x00000244                __vector_8
                0x00000244                __vector_26
                0x00000244                __vector_48
                0x00000244                __vector_124
                0x00000244                __vector_116
                0x00000244                __vector_112
                0x00000244                __vector_111
                0x00000244                __vector_80
                0x00000244                __vector_14
                0x00000244                __vector_84
                0x00000244                __vector_57
                0x00000244                __vector_53
                0x00000244                __vector_10
                0x00000244                __vector_50
                0x00000244                __vector_16
                0x00000244                __vector_59
                0x00000244                __vector_18
                0x00000244                __vector_97
                0x00000244                __vector_20
                0x00000244                __vector_42
                0x00000244                __vector_87
                0x00000244                __vector_65
                0x00000244                __vector_120
                0x00000246                . = ALIGN (0x2)
 *(.text.*)
 .text.__vector_88
                0x00000246       0x68 Controller.o
                0x00000246                __vector_88
 .text.__vector_89
                0x000002ae       0x68 Controller.o
                0x000002ae                __vector_89
 .text.main     0x00000316       0x70 Controller.o
                0x00000316                main
 .text.uart_putc
                0x00000386       0x1e uart.o
                0x00000386                uart_putc
 .text.uart_puts
                0x000003a4       0x28 uart.o
                0x000003a4                uart_puts
 .text.set_usart_txrx_direction
                0x000003cc       0x6c uart.o
                0x000003cc                set_usart_txrx_direction
 .text.calc_bsel
                0x00000438      0x136 uart.o
                0x00000438                calc_bsel
 .text.calc_bscale
                0x0000056e       0x5a uart.o
                0x0000056e                calc_bscale
 .text.init_uart
                0x000005c8       0xba uart.o
                0x000005c8                init_uart
 .text.USART_InterruptDriver_Initialize
                0x00000682       0x12 usart_driver.o
                0x00000682                USART_InterruptDriver_Initialize
 .text.USART_TXBuffer_FreeSpace
                0x00000694       0x14 usart_driver.o
                0x00000694                USART_TXBuffer_FreeSpace
 .text.USART_TXBuffer_PutByte
                0x000006a8       0x36 usart_driver.o
                0x000006a8                USART_TXBuffer_PutByte
 .text.USART_RXComplete
                0x000006de       0x2a usart_driver.o
                0x000006de                USART_RXComplete
 .text.USART_DataRegEmpty
                0x00000708       0x34 usart_driver.o
                0x00000708                USART_DataRegEmpty
 .text.avr-libc.fplib
                0x0000073c        0xa f:/programfiles/atmel/atmel toolchain/avr8 gcc/native/3.4.2.1002/avr8-gnu-toolchain/bin/../lib/gcc/avr/4.7.2/../../../../avr/lib/avrxmega7\libm.a(addsf3.o)
                0x0000073c                __subsf3
                0x0000073e                __addsf3
 .text.avr-libc.fplib
                0x00000746       0xc0 f:/programfiles/atmel/atmel toolchain/avr8 gcc/native/3.4.2.1002/avr8-gnu-toolchain/bin/../lib/gcc/avr/4.7.2/../../../../avr/lib/avrxmega7\libm.a(addsf3x.o)
                0x00000760                __addsf3x
 .text.avr-libc.fplib
                0x00000806        0x4 f:/programfiles/atmel/atmel toolchain/avr8 gcc/native/3.4.2.1002/avr8-gnu-toolchain/bin/../lib/gcc/avr/4.7.2/../../../../avr/lib/avrxmega7\libm.a(divsf3.o)
                0x00000806                __divsf3
 .text.avr-libc.fplib
                0x0000080a       0xcc f:/programfiles/atmel/atmel toolchain/avr8 gcc/native/3.4.2.1002/avr8-gnu-toolchain/bin/../lib/gcc/avr/4.7.2/../../../../avr/lib/avrxmega7\libm.a(divsf3x.o)
                0x00000820                __divsf3x
                0x00000824                __divsf3_pse
 .text.avr-libc.fplib
                0x000008d6       0x58 f:/programfiles/atmel/atmel toolchain/avr8 gcc/native/3.4.2.1002/avr8-gnu-toolchain/bin/../lib/gcc/avr/4.7.2/../../../../avr/lib/avrxmega7\libm.a(fixunssfsi.o)
                0x000008d6                __fixunssfsi
 .text.avr-libc.fplib
                0x0000092e       0x7a f:/programfiles/atmel/atmel toolchain/avr8 gcc/native/3.4.2.1002/avr8-gnu-toolchain/bin/../lib/gcc/avr/4.7.2/../../../../avr/lib/avrxmega7\libm.a(floatsisf.o)
                0x0000092e                __floatunsisf
                0x00000932                __floatsisf
 .text.avr-libc.fplib
                0x000009a8        0xc f:/programfiles/atmel/atmel toolchain/avr8 gcc/native/3.4.2.1002/avr8-gnu-toolchain/bin/../lib/gcc/avr/4.7.2/../../../../avr/lib/avrxmega7\libm.a(fp_inf.o)
                0x000009a8                __fp_inf
 .text.avr-libc.fplib
                0x000009b4        0x6 f:/programfiles/atmel/atmel toolchain/avr8 gcc/native/3.4.2.1002/avr8-gnu-toolchain/bin/../lib/gcc/avr/4.7.2/../../../../avr/lib/avrxmega7\libm.a(fp_nan.o)
                0x000009b4                __fp_nan
 .text.avr-libc.fplib
                0x000009ba        0xe f:/programfiles/atmel/atmel toolchain/avr8 gcc/native/3.4.2.1002/avr8-gnu-toolchain/bin/../lib/gcc/avr/4.7.2/../../../../avr/lib/avrxmega7\libm.a(fp_pscA.o)
                0x000009ba                __fp_pscA
 .text.avr-libc.fplib
                0x000009c8        0xe f:/programfiles/atmel/atmel toolchain/avr8 gcc/native/3.4.2.1002/avr8-gnu-toolchain/bin/../lib/gcc/avr/4.7.2/../../../../avr/lib/avrxmega7\libm.a(fp_pscB.o)
                0x000009c8                __fp_pscB
 .text.avr-libc.fplib
                0x000009d6       0x22 f:/programfiles/atmel/atmel toolchain/avr8 gcc/native/3.4.2.1002/avr8-gnu-toolchain/bin/../lib/gcc/avr/4.7.2/../../../../avr/lib/avrxmega7\libm.a(fp_round.o)
                0x000009d6                __fp_round
 .text.avr-libc.fplib
                0x000009f8       0x44 f:/programfiles/atmel/atmel toolchain/avr8 gcc/native/3.4.2.1002/avr8-gnu-toolchain/bin/../lib/gcc/avr/4.7.2/../../../../avr/lib/avrxmega7\libm.a(fp_split3.o)
                0x000009f8                __fp_split3
                0x00000a08                __fp_splitA
 .text.avr-libc.fplib
                0x00000a3c        0xe f:/programfiles/atmel/atmel toolchain/avr8 gcc/native/3.4.2.1002/avr8-gnu-toolchain/bin/../lib/gcc/avr/4.7.2/../../../../avr/lib/avrxmega7\libm.a(fp_zero.o)
                0x00000a3c                __fp_zero
                0x00000a3e                __fp_szero
 .text.avr-libc.fplib
                0x00000a4a        0x4 f:/programfiles/atmel/atmel toolchain/avr8 gcc/native/3.4.2.1002/avr8-gnu-toolchain/bin/../lib/gcc/avr/4.7.2/../../../../avr/lib/avrxmega7\libm.a(mulsf3.o)
                0x00000a4a                __mulsf3
 .text.avr-libc.fplib
                0x00000a4e       0xc2 f:/programfiles/atmel/atmel toolchain/avr8 gcc/native/3.4.2.1002/avr8-gnu-toolchain/bin/../lib/gcc/avr/4.7.2/../../../../avr/lib/avrxmega7\libm.a(mulsf3x.o)
                0x00000a62                __mulsf3x
                0x00000a66                __mulsf3_pse
 .text.avr-libc.fplib
                0x00000b10       0x40 f:/programfiles/atmel/atmel toolchain/avr8 gcc/native/3.4.2.1002/avr8-gnu-toolchain/bin/../lib/gcc/avr/4.7.2/../../../../avr/lib/avrxmega7\libm.a(round.o)
                0x00000b10                round
 .text.avr-libc.fplib
                0x00000b50       0x36 f:/programfiles/atmel/atmel toolchain/avr8 gcc/native/3.4.2.1002/avr8-gnu-toolchain/bin/../lib/gcc/avr/4.7.2/../../../../avr/lib/avrxmega7\libm.a(fp_mintl.o)
                0x00000b50                __fp_mintl
 .text.avr-libc.fplib
                0x00000b86       0x1c f:/programfiles/atmel/atmel toolchain/avr8 gcc/native/3.4.2.1002/avr8-gnu-toolchain/bin/../lib/gcc/avr/4.7.2/../../../../avr/lib/avrxmega7\libm.a(fp_mpack.o)
                0x00000b86                __fp_mpack
                0x00000b8a                __fp_mpack_finite
                0x00000ba2                . = ALIGN (0x2)
 *(.fini9)
 .fini9         0x00000ba2        0x0 f:/programfiles/atmel/atmel toolchain/avr8 gcc/native/3.4.2.1002/avr8-gnu-toolchain/bin/../lib/gcc/avr/4.7.2/avrxmega7\libgcc.a(_exit.o)
                0x00000ba2                _exit
                0x00000ba2                exit
 *(.fini9)
 *(.fini8)
 *(.fini8)
 *(.fini7)
 *(.fini7)
 *(.fini6)
 *(.fini6)
 *(.fini5)
 *(.fini5)
 *(.fini4)
 *(.fini4)
 *(.fini3)
 *(.fini3)
 *(.fini2)
 *(.fini2)
 *(.fini1)
 *(.fini1)
 *(.fini0)
 .fini0         0x00000ba2        0x4 f:/programfiles/atmel/atmel toolchain/avr8 gcc/native/3.4.2.1002/avr8-gnu-toolchain/bin/../lib/gcc/avr/4.7.2/avrxmega7\libgcc.a(_exit.o)
 *(.fini0)
                0x00000ba6                _etext = .

.data           0x00802000       0x18 load address 0x00000ba6
                0x00802000                PROVIDE (__data_start, .)
 *(.data)
 .data          0x00802000        0x0 f:/programfiles/atmel/atmel toolchain/avr8 gcc/native/3.4.2.1002/avr8-gnu-toolchain/bin/../lib/gcc/avr/4.7.2/../../../../avr/lib/avrxmega7/crtx128a4u.o
 .data          0x00802000        0x0 Controller.o
 .data          0x00802000        0x0 MFRC552.o
 .data          0x00802000        0x0 spi_driver.o
 .data          0x00802000        0x0 uart.o
 .data          0x00802000        0x0 usart_driver.o
 .data          0x00802000        0x0 f:/programfiles/atmel/atmel toolchain/avr8 gcc/native/3.4.2.1002/avr8-gnu-toolchain/bin/../lib/gcc/avr/4.7.2/../../../../avr/lib/avrxmega7\libm.a(addsf3.o)
 .data          0x00802000        0x0 f:/programfiles/atmel/atmel toolchain/avr8 gcc/native/3.4.2.1002/avr8-gnu-toolchain/bin/../lib/gcc/avr/4.7.2/../../../../avr/lib/avrxmega7\libm.a(addsf3x.o)
 .data          0x00802000        0x0 f:/programfiles/atmel/atmel toolchain/avr8 gcc/native/3.4.2.1002/avr8-gnu-toolchain/bin/../lib/gcc/avr/4.7.2/../../../../avr/lib/avrxmega7\libm.a(divsf3.o)
 .data          0x00802000        0x0 f:/programfiles/atmel/atmel toolchain/avr8 gcc/native/3.4.2.1002/avr8-gnu-toolchain/bin/../lib/gcc/avr/4.7.2/../../../../avr/lib/avrxmega7\libm.a(divsf3x.o)
 .data          0x00802000        0x0 f:/programfiles/atmel/atmel toolchain/avr8 gcc/native/3.4.2.1002/avr8-gnu-toolchain/bin/../lib/gcc/avr/4.7.2/../../../../avr/lib/avrxmega7\libm.a(fixunssfsi.o)
 .data          0x00802000        0x0 f:/programfiles/atmel/atmel toolchain/avr8 gcc/native/3.4.2.1002/avr8-gnu-toolchain/bin/../lib/gcc/avr/4.7.2/../../../../avr/lib/avrxmega7\libm.a(floatsisf.o)
 .data          0x00802000        0x0 f:/programfiles/atmel/atmel toolchain/avr8 gcc/native/3.4.2.1002/avr8-gnu-toolchain/bin/../lib/gcc/avr/4.7.2/../../../../avr/lib/avrxmega7\libm.a(fp_inf.o)
 .data          0x00802000        0x0 f:/programfiles/atmel/atmel toolchain/avr8 gcc/native/3.4.2.1002/avr8-gnu-toolchain/bin/../lib/gcc/avr/4.7.2/../../../../avr/lib/avrxmega7\libm.a(fp_nan.o)
 .data          0x00802000        0x0 f:/programfiles/atmel/atmel toolchain/avr8 gcc/native/3.4.2.1002/avr8-gnu-toolchain/bin/../lib/gcc/avr/4.7.2/../../../../avr/lib/avrxmega7\libm.a(fp_pscA.o)
 .data          0x00802000        0x0 f:/programfiles/atmel/atmel toolchain/avr8 gcc/native/3.4.2.1002/avr8-gnu-toolchain/bin/../lib/gcc/avr/4.7.2/../../../../avr/lib/avrxmega7\libm.a(fp_pscB.o)
 .data          0x00802000        0x0 f:/programfiles/atmel/atmel toolchain/avr8 gcc/native/3.4.2.1002/avr8-gnu-toolchain/bin/../lib/gcc/avr/4.7.2/../../../../avr/lib/avrxmega7\libm.a(fp_round.o)
 .data          0x00802000        0x0 f:/programfiles/atmel/atmel toolchain/avr8 gcc/native/3.4.2.1002/avr8-gnu-toolchain/bin/../lib/gcc/avr/4.7.2/../../../../avr/lib/avrxmega7\libm.a(fp_split3.o)
 .data          0x00802000        0x0 f:/programfiles/atmel/atmel toolchain/avr8 gcc/native/3.4.2.1002/avr8-gnu-toolchain/bin/../lib/gcc/avr/4.7.2/../../../../avr/lib/avrxmega7\libm.a(fp_zero.o)
 .data          0x00802000        0x0 f:/programfiles/atmel/atmel toolchain/avr8 gcc/native/3.4.2.1002/avr8-gnu-toolchain/bin/../lib/gcc/avr/4.7.2/../../../../avr/lib/avrxmega7\libm.a(mulsf3.o)
 .data          0x00802000        0x0 f:/programfiles/atmel/atmel toolchain/avr8 gcc/native/3.4.2.1002/avr8-gnu-toolchain/bin/../lib/gcc/avr/4.7.2/../../../../avr/lib/avrxmega7\libm.a(mulsf3x.o)
 .data          0x00802000        0x0 f:/programfiles/atmel/atmel toolchain/avr8 gcc/native/3.4.2.1002/avr8-gnu-toolchain/bin/../lib/gcc/avr/4.7.2/../../../../avr/lib/avrxmega7\libm.a(round.o)
 .data          0x00802000        0x0 f:/programfiles/atmel/atmel toolchain/avr8 gcc/native/3.4.2.1002/avr8-gnu-toolchain/bin/../lib/gcc/avr/4.7.2/../../../../avr/lib/avrxmega7\libm.a(fp_mintl.o)
 .data          0x00802000        0x0 f:/programfiles/atmel/atmel toolchain/avr8 gcc/native/3.4.2.1002/avr8-gnu-toolchain/bin/../lib/gcc/avr/4.7.2/../../../../avr/lib/avrxmega7\libm.a(fp_mpack.o)
 .data          0x00802000        0x0 f:/programfiles/atmel/atmel toolchain/avr8 gcc/native/3.4.2.1002/avr8-gnu-toolchain/bin/../lib/gcc/avr/4.7.2/avrxmega7\libgcc.a(_exit.o)
 .data          0x00802000        0x0 f:/programfiles/atmel/atmel toolchain/avr8 gcc/native/3.4.2.1002/avr8-gnu-toolchain/bin/../lib/gcc/avr/4.7.2/avrxmega7\libgcc.a(_copy_data.o)
 .data          0x00802000        0x0 f:/programfiles/atmel/atmel toolchain/avr8 gcc/native/3.4.2.1002/avr8-gnu-toolchain/bin/../lib/gcc/avr/4.7.2/avrxmega7\libgcc.a(_clear_bss.o)
 *(.data*)
 *(.rodata)
 *(.rodata*)
 .rodata.str1.1
                0x00802000       0x17 Controller.o
 *(.gnu.linkonce.d*)
                0x00802018                . = ALIGN (0x2)
 *fill*         0x00802017        0x1 
                0x00802018                _edata = .
                0x00802018                PROVIDE (__data_end, .)

.bss            0x00802018        0xf
                0x00802018                PROVIDE (__bss_start, .)
 *(.bss)
 *(.bss*)
 *(COMMON)
 COMMON         0x00802018        0xf Controller.o
                0x00802018                uartD0
                0x00802027                PROVIDE (__bss_end, .)
                0x00000ba6                __data_load_start = LOADADDR (.data)
                0x00000bbe                __data_load_end = (__data_load_start + SIZEOF (.data))

.noinit         0x00802027        0x0
                0x00802027                PROVIDE (__noinit_start, .)
 *(.noinit*)
                0x00802027                PROVIDE (__noinit_end, .)
                0x00802027                _end = .
                0x00802027                PROVIDE (__heap_start, .)

.eeprom         0x00810000        0x0
 *(.eeprom*)
                0x00810000                __eeprom_end = .

.fuse
 *(.fuse)
 *(.lfuse)
 *(.hfuse)
 *(.efuse)

.lock
 *(.lock*)

.signature
 *(.signature*)

.user_signatures
 *(.user_signatures*)

.stab           0x00000000     0x2550
 *(.stab)
 .stab          0x00000000      0x714 f:/programfiles/atmel/atmel toolchain/avr8 gcc/native/3.4.2.1002/avr8-gnu-toolchain/bin/../lib/gcc/avr/4.7.2/../../../../avr/lib/avrxmega7/crtx128a4u.o
 .stab          0x00000714       0x78 f:/programfiles/atmel/atmel toolchain/avr8 gcc/native/3.4.2.1002/avr8-gnu-toolchain/bin/../lib/gcc/avr/4.7.2/../../../../avr/lib/avrxmega7\libm.a(addsf3.o)
                                 0x84 (size before relaxing)
 .stab          0x0000078c      0x4bc f:/programfiles/atmel/atmel toolchain/avr8 gcc/native/3.4.2.1002/avr8-gnu-toolchain/bin/../lib/gcc/avr/4.7.2/../../../../avr/lib/avrxmega7\libm.a(addsf3x.o)
                                0x4c8 (size before relaxing)
 .stab          0x00000c48       0x48 f:/programfiles/atmel/atmel toolchain/avr8 gcc/native/3.4.2.1002/avr8-gnu-toolchain/bin/../lib/gcc/avr/4.7.2/../../../../avr/lib/avrxmega7\libm.a(divsf3.o)
                                 0x54 (size before relaxing)
 .stab          0x00000c90      0x510 f:/programfiles/atmel/atmel toolchain/avr8 gcc/native/3.4.2.1002/avr8-gnu-toolchain/bin/../lib/gcc/avr/4.7.2/../../../../avr/lib/avrxmega7\libm.a(divsf3x.o)
                                0x51c (size before relaxing)
 .stab          0x000011a0      0x240 f:/programfiles/atmel/atmel toolchain/avr8 gcc/native/3.4.2.1002/avr8-gnu-toolchain/bin/../lib/gcc/avr/4.7.2/../../../../avr/lib/avrxmega7\libm.a(fixunssfsi.o)
                                0x24c (size before relaxing)
 .stab          0x000013e0      0x318 f:/programfiles/atmel/atmel toolchain/avr8 gcc/native/3.4.2.1002/avr8-gnu-toolchain/bin/../lib/gcc/avr/4.7.2/../../../../avr/lib/avrxmega7\libm.a(floatsisf.o)
                                0x324 (size before relaxing)
 .stab          0x000016f8       0x78 f:/programfiles/atmel/atmel toolchain/avr8 gcc/native/3.4.2.1002/avr8-gnu-toolchain/bin/../lib/gcc/avr/4.7.2/../../../../avr/lib/avrxmega7\libm.a(fp_inf.o)
                                 0x84 (size before relaxing)
 .stab          0x00001770       0x54 f:/programfiles/atmel/atmel toolchain/avr8 gcc/native/3.4.2.1002/avr8-gnu-toolchain/bin/../lib/gcc/avr/4.7.2/../../../../avr/lib/avrxmega7\libm.a(fp_nan.o)
                                 0x60 (size before relaxing)
 .stab          0x000017c4       0x84 f:/programfiles/atmel/atmel toolchain/avr8 gcc/native/3.4.2.1002/avr8-gnu-toolchain/bin/../lib/gcc/avr/4.7.2/../../../../avr/lib/avrxmega7\libm.a(fp_pscA.o)
                                 0x90 (size before relaxing)
 .stab          0x00001848       0x84 f:/programfiles/atmel/atmel toolchain/avr8 gcc/native/3.4.2.1002/avr8-gnu-toolchain/bin/../lib/gcc/avr/4.7.2/../../../../avr/lib/avrxmega7\libm.a(fp_pscB.o)
                                 0x90 (size before relaxing)
 .stab          0x000018cc       0xfc f:/programfiles/atmel/atmel toolchain/avr8 gcc/native/3.4.2.1002/avr8-gnu-toolchain/bin/../lib/gcc/avr/4.7.2/../../../../avr/lib/avrxmega7\libm.a(fp_round.o)
                                0x108 (size before relaxing)
 .stab          0x000019c8      0x1d4 f:/programfiles/atmel/atmel toolchain/avr8 gcc/native/3.4.2.1002/avr8-gnu-toolchain/bin/../lib/gcc/avr/4.7.2/../../../../avr/lib/avrxmega7\libm.a(fp_split3.o)
                                0x1e0 (size before relaxing)
 .stab          0x00001b9c       0x90 f:/programfiles/atmel/atmel toolchain/avr8 gcc/native/3.4.2.1002/avr8-gnu-toolchain/bin/../lib/gcc/avr/4.7.2/../../../../avr/lib/avrxmega7\libm.a(fp_zero.o)
                                 0x9c (size before relaxing)
 .stab          0x00001c2c       0x48 f:/programfiles/atmel/atmel toolchain/avr8 gcc/native/3.4.2.1002/avr8-gnu-toolchain/bin/../lib/gcc/avr/4.7.2/../../../../avr/lib/avrxmega7\libm.a(mulsf3.o)
                                 0x54 (size before relaxing)
 .stab          0x00001c74      0x4d4 f:/programfiles/atmel/atmel toolchain/avr8 gcc/native/3.4.2.1002/avr8-gnu-toolchain/bin/../lib/gcc/avr/4.7.2/../../../../avr/lib/avrxmega7\libm.a(mulsf3x.o)
                                0x4e0 (size before relaxing)
 .stab          0x00002148      0x1b0 f:/programfiles/atmel/atmel toolchain/avr8 gcc/native/3.4.2.1002/avr8-gnu-toolchain/bin/../lib/gcc/avr/4.7.2/../../../../avr/lib/avrxmega7\libm.a(round.o)
                                0x1bc (size before relaxing)
 .stab          0x000022f8      0x174 f:/programfiles/atmel/atmel toolchain/avr8 gcc/native/3.4.2.1002/avr8-gnu-toolchain/bin/../lib/gcc/avr/4.7.2/../../../../avr/lib/avrxmega7\libm.a(fp_mintl.o)
                                0x180 (size before relaxing)
 .stab          0x0000246c       0xe4 f:/programfiles/atmel/atmel toolchain/avr8 gcc/native/3.4.2.1002/avr8-gnu-toolchain/bin/../lib/gcc/avr/4.7.2/../../../../avr/lib/avrxmega7\libm.a(fp_mpack.o)
                                 0xf0 (size before relaxing)

.stabstr        0x00000000      0x8c2
 *(.stabstr)
 .stabstr       0x00000000      0x8c2 f:/programfiles/atmel/atmel toolchain/avr8 gcc/native/3.4.2.1002/avr8-gnu-toolchain/bin/../lib/gcc/avr/4.7.2/../../../../avr/lib/avrxmega7/crtx128a4u.o

.stab.excl
 *(.stab.excl)

.stab.exclstr
 *(.stab.exclstr)

.stab.index
 *(.stab.index)

.stab.indexstr
 *(.stab.indexstr)

.comment        0x00000000       0x2f
 *(.comment)
 .comment       0x00000000       0x2f Controller.o
                                 0x30 (size before relaxing)
 .comment       0x00000000       0x30 MFRC552.o
 .comment       0x00000000       0x30 spi_driver.o
 .comment       0x00000000       0x30 uart.o
 .comment       0x00000000       0x30 usart_driver.o

.debug
 *(.debug)

.line
 *(.line)

.debug_srcinfo
 *(.debug_srcinfo)

.debug_sfnames
 *(.debug_sfnames)

.debug_aranges  0x00000000      0x158
 *(.debug_aranges)
 .debug_aranges
                0x00000000       0x30 Controller.o
 .debug_aranges
                0x00000030       0x18 MFRC552.o
 .debug_aranges
                0x00000048       0x50 spi_driver.o
 .debug_aranges
                0x00000098       0x58 uart.o
 .debug_aranges
                0x000000f0       0x68 usart_driver.o

.debug_pubnames
 *(.debug_pubnames)

.debug_info     0x00000000     0x1e97
 *(.debug_info)
 .debug_info    0x00000000      0x749 Controller.o
 .debug_info    0x00000749       0x7f MFRC552.o
 .debug_info    0x000007c8      0x761 spi_driver.o
 .debug_info    0x00000f29      0x9e8 uart.o
 .debug_info    0x00001911      0x586 usart_driver.o
 *(.gnu.linkonce.wi.*)

.debug_abbrev   0x00000000      0x803
 *(.debug_abbrev)
 .debug_abbrev  0x00000000      0x1ff Controller.o
 .debug_abbrev  0x000001ff       0x4b MFRC552.o
 .debug_abbrev  0x0000024a      0x1a0 spi_driver.o
 .debug_abbrev  0x000003ea      0x216 uart.o
 .debug_abbrev  0x00000600      0x203 usart_driver.o

.debug_line     0x00000000      0xe25
 *(.debug_line)
 .debug_line    0x00000000      0x2a8 Controller.o
 .debug_line    0x000002a8       0xbd MFRC552.o
 .debug_line    0x00000365      0x40f spi_driver.o
 .debug_line    0x00000774      0x35d uart.o
 .debug_line    0x00000ad1      0x354 usart_driver.o

.debug_frame    0x00000000      0x458
 *(.debug_frame)
 .debug_frame   0x00000000       0xd4 Controller.o
 .debug_frame   0x000000d4       0xcc spi_driver.o
 .debug_frame   0x000001a0      0x1f4 uart.o
 .debug_frame   0x00000394       0xc4 usart_driver.o

.debug_str      0x00000000      0xa3b
 *(.debug_str)
 .debug_str     0x00000000      0x3fd Controller.o
                                0x46e (size before relaxing)
 .debug_str     0x000003fd       0x1a MFRC552.o
                                 0xdb (size before relaxing)
 .debug_str     0x00000417      0x301 spi_driver.o
                                0x4b4 (size before relaxing)
 .debug_str     0x00000718      0x255 uart.o
                                0x596 (size before relaxing)
 .debug_str     0x0000096d       0xce usart_driver.o
                                0x3bb (size before relaxing)

.debug_loc      0x00000000     0x15b1
 *(.debug_loc)
 .debug_loc     0x00000000      0x196 Controller.o
 .debug_loc     0x00000196      0x582 spi_driver.o
 .debug_loc     0x00000718      0xaca uart.o
 .debug_loc     0x000011e2      0x3cf usart_driver.o

.debug_macinfo
 *(.debug_macinfo)

.debug_pubtypes
 *(.debug_pubtypes)

.debug_ranges   0x00000000      0x100
 *(.debug_ranges)
 .debug_ranges  0x00000000       0x20 Controller.o
 .debug_ranges  0x00000020       0x40 spi_driver.o
 .debug_ranges  0x00000060       0x48 uart.o
 .debug_ranges  0x000000a8       0x58 usart_driver.o

.debug_macro
 *(.debug_macro)
OUTPUT(Controller.elf elf32-avr)
LOAD linker stubs
